<?xml version="1.0" encoding="UTF-8"?>
<testsuites name="jest tests" tests="34" failures="0" errors="0" time="2.855">
  <testsuite name="Skyjo" errors="0" failures="0" skipped="0" timestamp="2024-04-03T13:56:48" time="2.044" tests="13">
    <testcase classname="Skyjo chooseCardColor should return selected card color when a valid choice is made" name="Skyjo chooseCardColor should return selected card color when a valid choice is made" time="0.03">
    </testcase>
    <testcase classname="Skyjo chooseCardColor should return undefined when an invalid choice is made" name="Skyjo chooseCardColor should return undefined when an invalid choice is made" time="0.002">
    </testcase>
    <testcase classname="Skyjo chooseCardValue should return selected card value when a valid choice is made" name="Skyjo chooseCardValue should return selected card value when a valid choice is made" time="0.001">
    </testcase>
    <testcase classname="Skyjo chooseCardValue should return undefined when an invalid choice is made" name="Skyjo chooseCardValue should return undefined when an invalid choice is made" time="0.002">
    </testcase>
    <testcase classname="Skyjo getter and setter should return the value of the card" name="Skyjo getter and setter should return the value of the card" time="0.001">
    </testcase>
    <testcase classname="Skyjo getter and setter should return the color of the card" name="Skyjo getter and setter should return the color of the card" time="0.001">
    </testcase>
    <testcase classname="Skyjo getter and setter should return the point of the card" name="Skyjo getter and setter should return the point of the card" time="0">
    </testcase>
    <testcase classname="Skyjo getter and setter should set the value of the card" name="Skyjo getter and setter should set the value of the card" time="0">
    </testcase>
    <testcase classname="Skyjo getter and setter should set the color of the card" name="Skyjo getter and setter should set the color of the card" time="0">
    </testcase>
    <testcase classname="Skyjo getter and setter should set the point of the card" name="Skyjo getter and setter should set the point of the card" time="0">
    </testcase>
    <testcase classname="Skyjo getter and setter should set the id of the card" name="Skyjo getter and setter should set the id of the card" time="0.001">
    </testcase>
    <testcase classname="Skyjo getter and setter should return the id of the card" name="Skyjo getter and setter should return the id of the card" time="0">
    </testcase>
    <testcase classname="Skyjo getter and setter should return the string representation of the card" name="Skyjo getter and setter should return the string representation of the card" time="0.001">
    </testcase>
  </testsuite>
  <testsuite name="Uno" errors="0" failures="0" skipped="0" timestamp="2024-04-03T13:56:48" time="2.119" tests="13">
    <testcase classname="Uno chooseCardColor should return selected card color when a valid choice is made" name="Uno chooseCardColor should return selected card color when a valid choice is made" time="0.026">
    </testcase>
    <testcase classname="Uno chooseCardColor should return undefined when an invalid choice is made" name="Uno chooseCardColor should return undefined when an invalid choice is made" time="0.002">
    </testcase>
    <testcase classname="Uno chooseCardValue should return selected card value when a valid choice is made" name="Uno chooseCardValue should return selected card value when a valid choice is made" time="0.002">
    </testcase>
    <testcase classname="Uno chooseCardValue should return undefined when an invalid choice is made" name="Uno chooseCardValue should return undefined when an invalid choice is made" time="0.001">
    </testcase>
    <testcase classname="Uno getter and setter should return the value of the card" name="Uno getter and setter should return the value of the card" time="0.001">
    </testcase>
    <testcase classname="Uno getter and setter should return the color of the card" name="Uno getter and setter should return the color of the card" time="0">
    </testcase>
    <testcase classname="Uno getter and setter should return the point of the card" name="Uno getter and setter should return the point of the card" time="0.001">
    </testcase>
    <testcase classname="Uno getter and setter should set the value of the card" name="Uno getter and setter should set the value of the card" time="0.001">
    </testcase>
    <testcase classname="Uno getter and setter should set the color of the card" name="Uno getter and setter should set the color of the card" time="0.001">
    </testcase>
    <testcase classname="Uno getter and setter should set the point of the card" name="Uno getter and setter should set the point of the card" time="0">
    </testcase>
    <testcase classname="Uno getter and setter should return the id of the card" name="Uno getter and setter should return the id of the card" time="0">
    </testcase>
    <testcase classname="Uno getter and setter should set the id of the card" name="Uno getter and setter should set the id of the card" time="0">
    </testcase>
    <testcase classname="Uno getter and setter should return the string representation of the card" name="Uno getter and setter should return the string representation of the card" time="0">
    </testcase>
  </testsuite>
  <testsuite name="ListCard" errors="0" failures="0" skipped="0" timestamp="2024-04-03T13:56:48" time="2.312" tests="8">
    <testcase classname="ListCard getListCards should return an empty array when no cards are created" name="ListCard getListCards should return an empty array when no cards are created" time="0.006">
    </testcase>
    <testcase classname="ListCard getListCards should return the list of created cards" name="ListCard getListCards should return the list of created cards" time="0.001">
    </testcase>
    <testcase classname="ListCard createCard should create a Uno card" name="ListCard createCard should create a Uno card" time="0.012">
    </testcase>
    <testcase classname="ListCard createCard should create a Skyjo card" name="ListCard createCard should create a Skyjo card" time="0.004">
    </testcase>
    <testcase classname="ListCard createCard should not create a card" name="ListCard createCard should not create a card" time="0.011">
    </testcase>
    <testcase classname="ListCard chooseCardType should return selected card type when a valid choice is made" name="ListCard chooseCardType should return selected card type when a valid choice is made" time="0.002">
    </testcase>
    <testcase classname="ListCard chooseCardType should return undefined when an invalid choice is made" name="ListCard chooseCardType should return undefined when an invalid choice is made" time="0">
    </testcase>
    <testcase classname="ListCard ListCard displayCards should display the list of created cards" name="ListCard ListCard displayCards should display the list of created cards" time="0.003">
    </testcase>
  </testsuite>
</testsuites>